[backblue.gif]
[fade.gif]
[index.html]
[www.freightdirect.co.nz/cargopress/images/favicon-32x32.png]
[www.freightdirect.co.nz/cargopress/js/modernizr.custom.24530.js]
[www.freightdirect.co.nz/cargopress/images/FD-logo.png]
[www.freightdirect.co.nz/cargopress/images/logo.png]
[www.freightdirect.co.nz/cargopress/images/nz-flag.gif]
[www.freightdirect.co.nz/cargopress/images/sliders/slider_1_1920.jpg]
[www.freightdirect.co.nz/cargopress/images/sea-freight-service.jpg]
[www.freightdirect.co.nz/cargopress/images/warehouse-service.jpg]
[www.freightdirect.co.nz/cargopress/images/Customer-Bokerage.jpg]
[www.freightdirect.co.nz/cargopress/images/sliders/slider_3_1920.jpg]
[www.freightdirect.co.nz/cargopress/images/services/service2.jpg]
[www.freightdirect.co.nz/cargopress/images/services/service1.jpg]
[www.freightdirect.co.nz/cargopress/images/services/service3.jpg]
[www.freightdirect.co.nz/cargopress/images/ajax-loader.gif]
[www.freightdirect.co.nz/cargopress/images/placeholders/848x480.png]
[www.freightdirect.co.nz/cargopress/images/placeholders/300x170.png]
[www.freightdirect.co.nz/cargopress/images/member-1.jpg]
[www.freightdirect.co.nz/cargopress/images/member-2.png]
[www.freightdirect.co.nz/cargopress/images/FD-footer-logo.png]
[www.freightdirect.co.nz/cargopress/js/jquery-2.1.4.min.js]
[www.freightdirect.co.nz/cargopress/js/bootstrap/carousel.js]
[www.freightdirect.co.nz/cargopress/js/bootstrap/transition.js]
[www.freightdirect.co.nz/cargopress/js/bootstrap/button.js]
[www.freightdirect.co.nz/cargopress/js/bootstrap/collapse.js]
[www.freightdirect.co.nz/cargopress/js/bootstrap/validator.js]
[www.freightdirect.co.nz/cargopress/js/underscore.js]
[www.freightdirect.co.nz/cargopress/js/NumberCounter.js]
[www.freightdirect.co.nz/cargopress/js/jquery.magnific-popup.min.js]
[www.freightdirect.co.nz/cargopress/js/custom.js]
[www.freightdirect.co.nz/cargopress/js/SimpleMap.js]
[www.freightdirect.co.nz/js/app-libs/angular/angular.min.js]
[www.freightdirect.co.nz/js/app-libs/angular-busy-tracker/busy.min.js]
[www.freightdirect.co.nz/js/app-libs/spin.js/spin.min.js]
[www.freightdirect.co.nz/js/app-libs/angular-spinner/angular-spinner.min.js]
[www.freightdirect.co.nz/js/app-libs/ng-dialog/js/ngDialog.min.js]
[www.freightdirect.co.nz/js/app-libs/bootbox-js/bootbox.min.js]
[www.freightdirect.co.nz/js/app-libs/angular-messages/angular-messages.min.js]
[www.freightdirect.co.nz/js/app-libs/angular-resource/angular-resource.min.js]
[www.freightdirect.co.nz/js/app-libs/highcharts-ng/highstock.src.js]
[www.freightdirect.co.nz/js/app-libs/highcharts-ng/highcharts-ng.min.js]
[www.freightdirect.co.nz/js/app-libs/angular-wizard/dist/angular-wizard.min.js]
[www.freightdirect.co.nz/js/app-libs/dropzone/min/dropzone.min.js]
[www.freightdirect.co.nz/js/app-libs/ng-dropzone/dist/ng-dropzone.min.js]
[www.freightdirect.co.nz/js/app-libs/moment/moment.min.js]
[www.freightdirect.co.nz/js/app-libs/moment-timezone/moment-timezone-with-data.min.js]
[www.freightdirect.co.nz/js/app-libs/angular-datepicker/angular-datepicker.min.js]
[www.freightdirect.co.nz/js/app-libs/ng-toast/ngToast.min.js]
[www.freightdirect.co.nz/js/app-libs/angular-animate.min.js]
[www.freightdirect.co.nz/js/app-libs/angular-sanitize.min.js]
[www.freightdirect.co.nz/js/app-libs/angular-utils-pagination/dirPagination.js]
[www.freightdirect.co.nz/js/app-libs/lodash.min.js]
[www.freightdirect.co.nz/js/app/app.js]
[www.freightdirect.co.nz/js/app/app-constant.js]
[www.freightdirect.co.nz/js/app/controllers/home.controller.js]
[www.freightdirect.co.nz/js/app/cargoexpress-controllers/cargo-home.controller.js]
[www.freightdirect.co.nz/js/app/controllers/products.controller.js]
[www.freightdirect.co.nz/js/app/controllers/faq.controller.js]
[www.freightdirect.co.nz/js/app/controllers/login.controller.js]
[www.freightdirect.co.nz/js/app/controllers/cart.controller.js]
[www.freightdirect.co.nz/js/app/controllers/order.controller.js]
[www.freightdirect.co.nz/js/app/controllers/order-detail.controller.js]
[www.freightdirect.co.nz/js/app/controllers/checkout.controller.js]
[www.freightdirect.co.nz/js/app/controllers/category.controller.js]
[www.freightdirect.co.nz/js/app/controllers/header.controller.js]
[www.freightdirect.co.nz/js/app/cargoexpress-controllers/cargo-header.controller.js]
[www.freightdirect.co.nz/js/app/controllers/register.controller.js]
[www.freightdirect.co.nz/js/app/controllers/footer.controller.js]
[www.freightdirect.co.nz/js/app/controllers/detail.controller.js]
[www.freightdirect.co.nz/js/app/controllers/address.controller.js]
[www.freightdirect.co.nz/js/app/controllers/dashboard.controller.js]
[www.freightdirect.co.nz/js/app/controllers/coin.controller.js]
[www.freightdirect.co.nz/js/app/controllers/add-address.controller.js]
[www.freightdirect.co.nz/js/app/controllers/account.controller.js]
[www.freightdirect.co.nz/js/app/controllers/coin-activity.controller.js]
[www.freightdirect.co.nz/js/app/controllers/find-password.controller.js]
[www.freightdirect.co.nz/js/app/controllers/contact.controller.js]
[www.freightdirect.co.nz/js/app/bege-controllers/bege-checkout.controller.js]
[www.freightdirect.co.nz/js/app/controllers/edit-address.controller.js]
[www.freightdirect.co.nz/js/app/controllers/website-news.controller.js]
[www.freightdirect.co.nz/js/app/services/account.service.js]
[www.freightdirect.co.nz/js/app/services/auth.service.js]
[www.freightdirect.co.nz/js/app/services/home.service.js]
[www.freightdirect.co.nz/js/app/services/order.service.js]
[www.freightdirect.co.nz/js/app/services/resources.service.js]
[www.freightdirect.co.nz/js/app/services/address.service.js]
[www.freightdirect.co.nz/js/app/services/app-user.service.js]
[www.freightdirect.co.nz/js/app/services/availability.service.js]
[www.freightdirect.co.nz/js/app/services/balance.service.js]
[www.freightdirect.co.nz/js/app/services/balance-detail.service.js]
[www.freightdirect.co.nz/js/app/services/cart.service.js]
[www.freightdirect.co.nz/js/app/services/cart-item.service.js]
[www.freightdirect.co.nz/js/app/services/category.service.js]
[www.freightdirect.co.nz/js/app/services/coin-activity.service.js]
[www.freightdirect.co.nz/js/app/services/coin-history.service.js]
[www.freightdirect.co.nz/js/app/services/content.service.js]
[www.freightdirect.co.nz/js/app/services/country.service.js]
[www.freightdirect.co.nz/js/app/services/coupon.service.js]
[www.freightdirect.co.nz/js/app/services/currency.service.js]
[www.freightdirect.co.nz/js/app/services/experience.service.js]
[www.freightdirect.co.nz/js/app/services/faq.service.js]
[www.freightdirect.co.nz/js/app/services/favorite.service.js]
[www.freightdirect.co.nz/js/app/services/feature-type.service.js]
[www.freightdirect.co.nz/js/app/services/feedback.service.js]
[www.freightdirect.co.nz/js/app/services/feedback-type.service.js]
[www.freightdirect.co.nz/js/app/services/footer.service.js]
[www.freightdirect.co.nz/js/app/services/gateway.service.js]
[www.freightdirect.co.nz/js/app/services/guest-requirement.service.js]
[www.freightdirect.co.nz/js/app/services/home-page-slider.service.js]
[www.freightdirect.co.nz/js/app/services/inventory-detail.service.js]
[www.freightdirect.co.nz/js/app/services/invitation.service.js]
[www.freightdirect.co.nz/js/app/services/language.service.js]
[www.freightdirect.co.nz/js/app/services/member-group.service.js]
[www.freightdirect.co.nz/js/app/services/product-multi.service.js]
[www.freightdirect.co.nz/js/app/services/product-single.service.js]
[www.freightdirect.co.nz/js/app/services/registration-answer.service.js]
[www.freightdirect.co.nz/js/app/services/registration-question.service.js]
[www.freightdirect.co.nz/js/app/services/registration-question-option.service.js]
[www.freightdirect.co.nz/js/app/services/shipment.service.js]
[www.freightdirect.co.nz/js/app/services/shipment-detail.service.js]
[www.freightdirect.co.nz/js/app/services/shipment-fee.service.js]
[www.freightdirect.co.nz/js/app/services/social-link.service.js]
[www.freightdirect.co.nz/js/app/services/tag.service.js]
[www.freightdirect.co.nz/js/app/services/term-condition.service.js]
[www.freightdirect.co.nz/js/app/services/transaction-single.service.js]
[www.freightdirect.co.nz/js/app/services/transaction-single-item.service.js]
[www.freightdirect.co.nz/js/app/services/website-column.service.js]
[www.freightdirect.co.nz/js/app/services/my.service.js]
[www.freightdirect.co.nz/js/app/services/profile.service.js]
[www.freightdirect.co.nz/js/app/services/website-news.service.js]
[www.freightdirect.co.nz/js/app/services/attribute.service.js]
[www.freightdirect.co.nz/js/app/directives/file-dropzone.directive.js]
[www.freightdirect.co.nz/js/app/directives/compare-password.directive.js]
[www.freightdirect.co.nz/js/app/directives/compare-to.directive.js]
[www.freightdirect.co.nz/js/app/directives/complex-password.directive.js]
[www.freightdirect.co.nz/js/app/directives/valid-email.directive.js]
[www.freightdirect.co.nz/index.html]
[www.freightdirect.co.nz/cargopress/css/custom.css]
[www.freightdirect.co.nz/cargopress/images/blured.jpg]
[www.freightdirect.co.nz/cargopress/images/core_values_bg.jpg]
[www.freightdirect.co.nz/cargopress/images/counter_bg.jpg]
[www.freightdirect.co.nz/cargopress/fonts/fontawesome-webfonte0a5.eot]
[www.freightdirect.co.nz/cargopress/fonts/fontawesome-webfontd41d.eot]
[www.freightdirect.co.nz/cargopress/fonts/fontawesome-webfonte0a5.woff2]
[www.freightdirect.co.nz/cargopress/fonts/fontawesome-webfonte0a5.woff]
[www.freightdirect.co.nz/cargopress/fonts/fontawesome-webfonte0a5.ttf]
[www.freightdirect.co.nz/cargopress/css/style.css]
[www.freightdirect.co.nz/cargopress/css/magnific-popup.css]
[www.freightdirect.co.nz/js/app-libs/please-wait/please-wait.css]
[www.freightdirect.co.nz/js/app-libs/SpinKit/css/spinkit.css]
[www.freightdirect.co.nz/js/app-libs/angular-busy-tracker/busy.min.css]
[www.freightdirect.co.nz/js/app-libs/ng-dialog/css/ngDialog.min.css]
[www.freightdirect.co.nz/js/app-libs/ng-dialog/css/ngDialog-theme-default.min.css]
[www.freightdirect.co.nz/js/app-libs/highcharts-ng/highcharts-ng.css]
[www.freightdirect.co.nz/js/app-libs/angular-wizard/dist/angular-wizard.min.css]
[www.freightdirect.co.nz/js/app-libs/dropzone/min/dropzone.min.css]
[www.freightdirect.co.nz/js/app-libs/ng-dropzone/dist/ng-dropzone.css]
[www.freightdirect.co.nz/js/app-libs/angular-datepicker/angular-datepicker.css]
[www.freightdirect.co.nz/js/app-libs/ng-toast/ngToast.min.css]
[www.freightdirect.co.nz/js/app-libs/ng-toast/ngToast-animations.min.css]
[www.freightdirect.co.nz/cargopress/images/placeholders/about-us-img.jpg]
[www.freightdirect.co.nz/about-us.html]
[www.freightdirect.co.nz/contact.html]
[www.freightdirect.co.nz/news.html]
[www.freightdirect.co.nz/cargopress/images/services/services-2.jpg]
[www.freightdirect.co.nz/cargopress/images/services/services-3.jpg]
[www.freightdirect.co.nz/cargopress/images/services/services-4.jpg]
[www.freightdirect.co.nz/cargopress/images/services/services-5.jpg]
[www.freightdirect.co.nz/cargopress/images/services/services-6.jpg]
[www.freightdirect.co.nz/cargopress/images/services/services-7.png]
[www.freightdirect.co.nz/services.html]
[www.freightdirect.co.nz/cargopress/images/services/services-cargo-1.jpg]
[www.freightdirect.co.nz/cargopress/images/services/services-cargo-2.jpg]
[www.freightdirect.co.nz/cargo.html]
[www.freightdirect.co.nz/cargopress/images/services/services-warehousing-1.jpg]
[www.freightdirect.co.nz/cargopress/images/services/services-warehousing-2.jpg]
[www.freightdirect.co.nz/warehousing.html]
[www.freightdirect.co.nz/cargopress/images/services/services-logistic-service-1.png]
[www.freightdirect.co.nz/cargopress/images/services/services-logistic-service-2.png]
[www.freightdirect.co.nz/logistics-service.html]
[www.freightdirect.co.nz/cargopress/images/services/services-trucking-service-1.jpg]
[www.freightdirect.co.nz/cargopress/images/services/services-trucking-service-2.jpg]
[www.freightdirect.co.nz/trucking-service.html]
[www.freightdirect.co.nz/cargopress/images/services/services-storage-1.png]
[www.freightdirect.co.nz/cargopress/images/services/services-storage-2.png]
[www.freightdirect.co.nz/storage.html]
[www.freightdirect.co.nz/cargopress/images/services/services-custom-clearance-1.jpg]
[www.freightdirect.co.nz/cargopress/images/services/services-custom-clearance-2.jpg]
[www.freightdirect.co.nz/custom-clearance.html]
[www.freightdirect.co.nz/seafreight-links.html]
[www.freightdirect.co.nz/shipping-lines.html]
[www.freightdirect.co.nz/port-links.html]
[www.freightdirect.co.nz/courier-tracking-link.html]
[www.freightdirect.co.nz/documents.html]
[www.freightdirect.co.nz/contact-au.html]
[www.freightdirect.co.nz/cargopress/images/warehouse-picture/img-6.jpg]
[www.freightdirect.co.nz/cargopress/images/warehouse-picture/img-7.jpg]
[www.freightdirect.co.nz/cargopress/images/warehouse-picture/img-8.jpg]
[www.freightdirect.co.nz/cargopress/images/warehouse-picture/img-9.jpg]
[www.freightdirect.co.nz/cargopress/images/warehouse-picture/img-11.jpg]
[www.freightdirect.co.nz/cargopress/images/warehouse-picture/img-12.jpg]
[www.freightdirect.co.nz/cargopress/images/warehouse-picture/img-13.jpg]
[www.freightdirect.co.nz/cargopress/images/warehouse-picture/img-14.jpg]
[www.freightdirect.co.nz/cargopress/images/warehouse-picture/img-15.jpg]
[www.freightdirect.co.nz/cargopress/images/warehouse-picture/img-17.jpg]
[www.freightdirect.co.nz/cargopress/images/warehouse-picture/img-18.jpg]
[www.freightdirect.co.nz/cargopress/images/warehouse-picture/img-19.jpg]
[www.freightdirect.co.nz/gallery.html]
[www.freightdirect.co.nz/api.html]
[www.freightdirect.co.nz/logistic-service.html]
[www.freightdirect.co.nz/js/app/templates/messages.html]
[www.freightdirect.co.nz/faq.html]
[www.freightdirect.co.nz/cargopress/css/..fonts/fontawesome-webfonte0a5.html]
[www.freightdirect.co.nz/cargopress/images/demo/5.html]
[www.freightdirect.co.nz/images/ajax-loader.html]
[www.freightdirect.co.nz/article.html]
[www.freightdirect.co.nz/images/placeholders/848x480.html]
[www.freightdirect.co.nz/services-2.html]
